// Jest Snapshot v1, https://goo.gl/fbAQLP

exports[`Testing AuthForm Component the components when inputs property are empty rendered in the DOM should match snapshot 1`] = `
<div
  id="auth-form"
>
  <Container>
    <div
      className="auth"
    >
      <Form
        as="form"
        error={false}
        loading={false}
        onSubmit={[Function]}
        success={true}
      >
        <Header
          as="h2"
          icon={true}
          textAlign="center"
        >
          <Icon
            as="i"
            name="user circle"
          />
          <HeaderContent>
            Sign Up
          </HeaderContent>
        </Header>
        <Message
          className="text-centered"
          error={false}
          header=""
          hidden={false}
          list={Array []}
          success={true}
        />
        <FormButton
          as={[Function]}
          content="Submit"
          control={[Function]}
          disabled={true}
          loading={false}
          positive={true}
        />
      </Form>
    </div>
  </Container>
</div>
`;
